
Running 9 tests using 6 workers

